<html>
<body>
<pre>
<h1>礦ision Build Log</h1>
<h2>Tool Versions:</h2>
IDE-Version: μVision V5.22.0.0
Copyright (C) 2016 ARM Ltd and ARM Germany GmbH. All rights reserved.
License Information: 1 admin, 1, LIC=EXJT4-FS4TN-74FS0-BM9EY-EZBPZ-Y6WW8
 
Tool Versions:
Toolchain:       MDK-ARM Plus  Version: 5.22
Toolchain Path:  C:\Keil_v5\ARM\ARMCC\Bin
C Compiler:      Armcc.exe V5.06 update 4 (build 422)
Assembler:       Armasm.exe V5.06 update 4 (build 422)
Linker/Locator:  ArmLink.exe V5.06 update 4 (build 422)
Library Manager: ArmAr.exe V5.06 update 4 (build 422)
Hex Converter:   FromElf.exe V5.06 update 4 (build 422)
CPU DLL:         SARMCM3.DLL V5.22
Dialog DLL:      DCM.DLL V1.13.9.0
Target DLL:      UL2CM3.DLL V1.159.0.0
Dialog DLL:      TCM.DLL V1.21.0.0
 
<h2>Project:</h2>
D:\1、项目设计\5、标准DIY套件产品\A、STM32机器人小车套件系列产品\A2-STM32智能小车套件—红外循迹\1、程序源码-2路红外寻迹-标准版\1、程序源码\Programs.uvprojx
Project File Date:  08/03/2024

<h2>Output:</h2>
*** Using Compiler 'V5.06 update 4 (build 422)', folder: 'C:\Keil_v5\ARM\ARMCC\Bin'
Build target 'Target 1'
compiling CGQ.c...
compiling timer.c...
compiling main.c...
linking...
Program Size: Code=4412 RO-data=268 RW-data=64 ZI-data=1024  
FromELF: creating hex file...
".\Objects\Programs.axf" - 0 Error(s), 0 Warning(s).

<h2>Collection of Component include folders:</h2>
  D:\1、项目设计\5、标准DIY套件产品\A、STM32机器人小车套件系列产品\A2-STM32智能小车套件—红外循迹\1、程序源码-2路红外寻迹-标准版\1、程序源码\RTE\_Target_1
  C:\Keil_v5\ARM\PACK\Keil\STM32F1xx_DFP\1.1.0\Device\Include

<h2>Collection of Component Files used:</h2>
Build Time Elapsed:  00:00:01
</pre>
</body>
</html>
